npm notice run timohouse-mockup@4.0.0 precheck
npm notice run npm run prepare:intake
npm notice run timohouse-mockup@4.0.0 prepare:intake
npm notice run node scripts/prepare-intake-vendor.mjs
Document readers ready in mockup/vendor/intake
npm notice run timohouse-mockup@4.0.0 check
npm notice run node scripts/build.mjs --check-only && node scripts/check-rbac.mjs && node --test "tests/*.test.mjs"
✓ Cú pháp OK: 112 file JS
✓ Domain thuần: không dùng DOM/storage/store/ui
✓ RBAC: 534 kiểm tra đạt · 60 route · 29 màn Phase 1 + 13 màn Phase 2 + 6 màn Phase 3 · 9 vai trò
✔ vehicle list drives 200,000 legacy charge; effective history, empty list, reading 0 and stay isolation (1985.3483ms)
✔ separate parking/charging amounts, stale drafts, recompute and immutable issued snapshots (1894.219ms)
✔ expenses and sales filters intersect effective building scope and exclude unallocated funds (517.8876ms)
✔ capital statistics select historical owner deposit, asset opening, moves and disposal dates (792.3363ms)
✔ salary mode controls formula; manual total can be 0, requires evidence, and invalidates approval (1095.3323ms)
✔ workday requires explicit days and uses policy across departments (1402.938ms)
✔ operations and repair modes preserve formulas; fixed drops HS, leader and repair labor components (1084.2802ms)
✔ intake extracts two fees independently and does not duplicate the combined legacy source (775.6901ms)
✔ existing-stay OCR preserves both vehicle fees and their file/session/version source (1009.9232ms)
✔ business web policy removes deposits/refunds/purchases and frozen October retains official mode (1812.8471ms)
✔ tổng 13 dòng = "Tổng cần đóng" Excel cho mọi hóa đơn tháng 9 (trừ lỗi nguồn đã ghi nhận) (60.7917ms)
✔ 403T20: dòng 13 Thu khác = 6 ngày tháng 8, tổng 6.069.892, đã đóng 6.069.000 → Thiếu (2.0751ms)
✔ tháng lẻ: số ngày = ngày của tháng − ngày vào + 1, mẫu số = số ngày thực của tháng (2.2838ms)
✔ phòng mới tháng 9: tổng đã thu = 126.912.000 (0.4767ms)
✔ phá HĐ: 20 phòng, phải thu (chỉ tiền điện) 16.048.000, đã thu 3.662.000 (3.6465ms)
✔ buildLines: chia ngày một lần; cọc, nợ cũ, điện theo chỉ số không chia ngày (1.2246ms)
✔ trạng thái thu theo cột AY Excel (Chưa TT / Thiếu / Đủ / Thừa) khớp mọi hóa đơn (1.0354ms)
✔ công nợ mặc định sau 5 ngày lịch từ ngày phát hành; dueDate là chế độ tương thích (2.0926ms)
✔ phân bổ phiếu thu: không vượt số tiền phiếu, không vượt số còn phải thu (0.7603ms)
✔ six entry modes converge: owner→room→pending stay with proposal, idempotent and atomic (1903.2813ms)
✔ source NHÀ G: 302G1 keeps three prices and held deposit; 000G1 is common meter (13787.1885ms)
✔ permission and conflict block intake before any mutation (1552.9259ms)
✔ contract plus spreadsheet fills missing room prices and exposes conflicting source cells (604.3438ms)
✔ existing building address requires an explicit source choice before update (1310.1662ms)
✔ structured intake errors identify fields without changing commit guards (762.8378ms)
✔ tham số có ngày hiệu lực: lấy phiên mới nhất hiệu lực tại ngày (1.9322ms)
✔ import: chặn #REF!, thiếu bắt buộc, tiền/ngày sai; đánh dấu trùng mã nguồn (2.3172ms)
✔ Zalo: kiểm tra lại số nợ trước khi gửi (0.8515ms)
✔ RBAC: chỉ admin/kế toán ghi thu (OQ-09); duyệt hoàn cọc tách vai trò; leader chỉ xem trạng thái nợ (0.4118ms)
✔ customer edits retain all vehicles, support removal, and reject duplicate plates without partial writes (992.3442ms)
✔ owner profile and contract metadata preserve source, personal details, PCCC and previous snapshots (805.1861ms)
✔ building staffing exposes cleaning and technical assignments at their effective dates (717.375ms)
✔ payroll keeps superseded versions, requires approval, and prevents duplicate closing expenses (3394.6899ms)
✔ approval becomes stale when salary source changes, while future policy does not change a closed snapshot (4608.466ms)
✔ ownership versions and locked distributions survive later ratio changes (777.1626ms)
✔ P0-1 không thu tiền điện hai lần cho cùng một phòng trong kỳ 2026-10 (5711.6755ms)
✔ P0-2 khách đã nộp phiếu cọc không bị tính cọc lần nữa trên hóa đơn đầu (298.6282ms)
✔ P0-3 mọi hóa đơn: tổng in 13 dòng = tổng cần đóng; lệch Excel được gắn cờ (953.0831ms)
✔ P0-4 phòng có giá/hóa đơn không bị xếp "đồng hồ chung"; HS kỳ 9 hợp lý (1500.2442ms)
✔ P0-5 báo cáo KD chính thức T8 đúng Excel; OQ-10 chỉ là phương án đề xuất (847.7135ms)
▶ P0-6 sổ cọc: nhận/đảo phiếu, không phân bổ vào hóa đơn, bỏ cọc, báo cáo, chuyển phòng
  ✔ a) nhận cọc → "đang giữ"; đảo phiếu cọc → sổ cọc về 0 (1292.0837ms)
  ✔ b) phiếu cọc không phân bổ được vào hóa đơn (7.2795ms)
  ✔ c) chờ nhận phải có cọc; bỏ cọc khi cọc thực nhận = 0 (phiếu đã đảo) không ghi doanh thu (239.1161ms)
  ✔ d) phiếu cọc giữ phòng vào dòng 4 "Cọc phòng mới" và dòng 3 doanh thu (911.6963ms)
  ✔ e) chuyển phòng: chặn lượt chờ nhận, bắt buộc xác nhận phương án cọc, theo dõi cọc thiếu (5.2887ms)
✔ P0-6 sổ cọc: nhận/đảo phiếu, không phân bổ vào hóa đơn, bỏ cọc, báo cáo, chuyển phòng (3788.8895ms)
▶ P0-7 khóa kỳ giữ cố định số liệu
  ✔ a) không khóa kỳ khi chưa chốt lương/phân bổ, kể cả truyền force (0.9105ms)
  ✔ b) sau khóa: chặn tính lại lương, duyệt cờ, tham số/phân công/giá chủ nhà hiệu lực trong kỳ (1883.0639ms)
  ✔ c) đổi dữ liệu nguồn không làm đổi LNR kỳ đã khóa (70.6411ms)
  ✔ d) điều chỉnh sau khóa: bắt buộc lý do, số điều chỉnh vào báo cáo kỳ gốc (11.6309ms)
✔ P0-7 khóa kỳ giữ cố định số liệu (2526.1125ms)
✔ P0-8 kỳ live: tổng phân bổ = tổng chứng từ quỹ; kỳ 08 tái hiện công thức G1 (2306.0263ms)
✔ P0-9 vận hành không sửa/duyệt phiếu hoàn ngoài phạm vi; ?tab= không mở tab thiếu quyền (594.2911ms)
✔ P0-10 xuất CSV: vận hành bị che cột số tiền như trên màn; kế toán thì không (686.4317ms)
✔ Nghiệm thu trong app (TH.pages.acceptance + acceptance1B) đều đạt trên seed sạch (1524.7917ms)
▶ §2.3 mục 6 – dữ liệu nhập tay bảng lương: ngày công sale, lương vệ sinh/bảo vệ theo tòa, tiền công thợ, hỗ trợ
  ✔ ngày công sale → lương = lương cứng × ngày công / 26 (283.0569ms)
  ✔ lương vệ sinh/bảo vệ và tiền công thợ vào báo cáo tòa trước khi chốt (1179.8144ms)
  ✔ đổi nhập tay sau khi tính → chặn chốt; chốt ghi chi phí đúng dòng báo cáo, phần cố định thợ vào quỹ sửa chữa (2389.7473ms)
✔ §2.3 mục 6 – dữ liệu nhập tay bảng lương: ngày công sale, lương vệ sinh/bảo vệ theo tòa, tiền công thợ, hỗ trợ (5307.3261ms)
✔ UI-27/UI-28 – bấm số ra giao dịch gốc (TH.qr.sources) (1875.1204ms)
✔ UI-38 – điều chỉnh sau khóa hiện trong giao dịch nguồn của ô (827.4727ms)
✔ §3.12b – tháng lẻ lệch quy tắc số ngày thực được gắn cờ: đúng 3 hóa đơn (1336.1326ms)
✔ §2.3 mục 3 – lượt thuê chờ nhận có cọc, ba loại ngày, không chồng lượt thuê; import cọc đang giữ (2313.5211ms)
✔ §2.3 dòng 11–12 – điện chung chia vào dòng 12 hóa đơn (788.5138ms)
✔ §2.3 dòng 20 – HĐ chủ nhà: phụ lục trong thời hạn, tính lại lịch trả, không chi vượt, hủy chi hoàn lại (610.5984ms)
✔ §2.3 dòng 22–27 – import hóa đơn nhà cung cấp theo mã KH; chi phí "CHUNG" không tự vào quỹ (598.0579ms)
✔ UI-27 – xuất Excel theo mẫu có tên báo cáo, kỳ, bộ lọc, phiên bản số liệu (583.7786ms)
✔ Lọc quản lý theo phân công tại cuối kỳ (không theo hôm nay) (518.7831ms)
▶ Đợt 1.1 / UI-12 – sửa hóa đơn nháp: chỉ số → SL, đổi đơn giá bắt buộc lý do, lưu lịch sử; hóa đơn đã phát hành không sửa
  ✔ sửa chỉ số mới dòng 3 → SL = mới − cũ, thành tiền và tổng tính lại (3.3047ms)
  ✔ đổi đơn giá không có lý do → chặn; có lý do → lưu (1.7044ms)
  ✔ chỉ số mới nhỏ hơn cũ → chặn (0.4987ms)
  ✔ hóa đơn đã phát hành → chặn sửa nháp (0.4651ms)
✔ Đợt 1.1 / UI-12 – sửa hóa đơn nháp: chỉ số → SL, đổi đơn giá bắt buộc lý do, lưu lịch sử; hóa đơn đã phát hành không sửa (1304.9399ms)
▶ Đợt 1.2 / UI-13 – phân bổ phiếu thu theo dòng hóa đơn
  ✔ vượt số còn phải thu của dòng → chặn (1.6102ms)
  ✔ thu đủ dòng 1 → dòng 1 còn 0, các dòng khác giữ nguyên, hóa đơn "Thiếu" (8.5526ms)
  ✔ phân bổ số dư sang dòng điện của cùng hóa đơn; hóa đơn lượt thuê khác → chặn (28.5583ms)
✔ Đợt 1.2 / UI-13 – phân bổ phiếu thu theo dòng hóa đơn (1033.8325ms)
▶ Đợt 1.3 / E14 – trả trước 3 tháng: tiền ghi một lần, tự áp phần từng kỳ khi phát hành
  ✔ kế hoạch 3 kỳ 10/11/12, mỗi kỳ = tiền phòng tháng (0.5738ms)
  ✔ phát hành hóa đơn kỳ 10 → áp đúng phần kỳ 10 vào dòng tiền phòng; phiếu không đổi số tiền (65.2277ms)
  ✔ thiếu kỳ bắt đầu → chặn (0.4711ms)
✔ Đợt 1.3 / E14 – trả trước 3 tháng: tiền ghi một lần, tự áp phần từng kỳ khi phát hành (642.6653ms)
▶ Đợt 1.4 / UI-18 E18 – vượt cọc thành hóa đơn thu riêng; sổ cọc về 0
  ✔ BD âm: số chi 0, lập INV-…-VC dòng 13 = phần vượt, vào công nợ; sổ cọc = 0 (124.2635ms)
  ✔ BD dương: chi BD, sổ cọc cũng về 0 (khấu trừ ghi "deduct") (2.383ms)
✔ Đợt 1.4 / UI-18 E18 – vượt cọc thành hóa đơn thu riêng; sổ cọc về 0 (727.5457ms)
▶ Đợt 1.5 / OQ-14 – khách của chủ nhà: bù trừ tiền trả chủ nhà, không là công nợ; phòng chủ nhà ở chỉ thu DV
  ✔ 4 hóa đơn G17 "đã đóng cho chủ" → Đủ, còn nợ 0; kỳ trả chủ nhà 10 giảm đúng tổng (3.8815ms)
  ✔ hủy bù trừ → hóa đơn thành nợ lại, kỳ trả chủ nhà hoàn lại; báo cáo dòng 3 giảm đúng số (1691.9837ms)
  ✔ phòng Timehouse khai thác → chặn "Chủ nhà đã thu" (0.9907ms)
  ✔ lượt thuê chỉ thu dịch vụ: phòng chủ nhà ở giá 0 được; phòng thường giá 0 bị chặn (394.2776ms)
✔ Đợt 1.5 / OQ-14 – khách của chủ nhà: bù trừ tiền trả chủ nhà, không là công nợ; phòng chủ nhà ở chỉ thu DV (2778.4698ms)
▶ Đợt 2.1 / UI-38 – tham số có kiểu và khoảng: key lạ, sai kiểu, ngoài khoảng bị chặn
  ✔ key không tồn tại → chặn (0.9246ms)
  ✔ ngày chốt "abc" / 40 → chặn; 20 → nhận số (1.4008ms)
  ✔ Có/Không, danh sách chọn, phần trăm (0.9853ms)
  ✔ mốc thu: phải đủ 3 mốc tăng dần (0.9384ms)
✔ Đợt 2.1 / UI-38 – tham số có kiểu và khoảng: key lạ, sai kiểu, ngoài khoảng bị chặn (576.3624ms)
▶ Đợt 2.2 – tham số có tác dụng: mốc lương, phân bổ, trừ ngày ở thêm, nhắc trước hạn
  ✔ milestones đổi → bảng lương kỳ 9 tính theo mốc mới (2195.5056ms)
  ✔ allocDenominator = allRooms → mẫu số kỳ 9 tăng đúng số phòng không giá (711.7366ms)
  ✔ refundDeductExtraDays = Có → phiếu hoàn tự trừ tiền ngày ở thêm, có lý do theo tham số (775.2426ms)
  ✔ nhắc trước hạn: số ngày lấy từ tham số zaloRemindBeforeDays (530.3123ms)
✔ Đợt 2.2 – tham số có tác dụng: mốc lương, phân bổ, trừ ngày ở thêm, nhắc trước hạn (4214.1462ms)
✔ Đợt 2.3 / UI-01 – phòng trống: bỏ phòng không giá; phòng cần dọn tách khỏi "ở luôn" (555.7759ms)
▶ Đợt 2.4 / UI-39 – Zalo: quá hạn từ ngày 6, không lặp trong N ngày, SMS dự phòng, gửi lại không nhân đôi hộp thư
  ✔ quá hạn: ngày 5 chưa nhắc, ngày 6 nhắc (công nợ từ ngày 6); đã nhắc thì 3 ngày sau mới nhắc lại (0.4392ms)
  ✔ khách chưa liên kết → có bản ghi SMS (trạng thái, chi phí) + việc gọi gắn SMS (0.5681ms)
  ✔ tạo đợt lại cùng ngày → không nhắc lại hóa đơn vừa gửi (184.7611ms)
  ✔ gửi lại tin lỗi tạm thời → hộp thư không nhân đôi; đợt đã gửi không gửi lại toàn bộ (23.5879ms)
✔ Đợt 2.4 / UI-39 – Zalo: quá hạn từ ngày 6, không lặp trong N ngày, SMS dự phòng, gửi lại không nhân đôi hộp thư (1103.7332ms)
▶ Đợt 3.1 / UI-02, UI-03 – sửa hồ sơ tòa và phòng; mã tòa trùng khác hoa/thường; ngừng khai thác thay cho xóa
  ✔ thêm tòa "s43" khi đã có S43 → chặn (0.7234ms)
  ✔ sửa tòa: khu vực, địa chỉ, số tầng, tình trạng, ngày nhận; số tầng 99 bị chặn; mã không đổi (1.1862ms)
  ✔ ngừng khai thác tòa còn khách → chặn; tòa mới không khách → được, phòng chuyển inactive (13.6596ms)
  ✔ sửa phòng: đổi giá phải có ngày hiệu lực và lưu lịch sử; phòng có khách không thành đồng hồ chung (3.1081ms)
✔ Đợt 3.1 / UI-02, UI-03 – sửa hồ sơ tòa và phòng; mã tòa trùng khác hoa/thường; ngừng khai thác thay cho xóa (672.8991ms)
▶ Đợt 3.2 / UI-24 – phân công theo phòng và loại trách nhiệm; phạm vi dữ liệu theo phòng; bỏ phân công
  ✔ phòng không thuộc tòa → chặn; loại trách nhiệm lạ → chặn; hai loại trên cùng phòng không xung đột (1.7507ms)
  ✔ vận hành chỉ thấy hóa đơn / khách của phòng được giao trong tòa đó (2.1688ms)
  ✔ người phụ trách tòa và lương không lấy phân công cấp phòng (496.7942ms)
  ✔ bỏ phân công: trước ngày bắt đầu bị chặn; sau khi bỏ → hết phạm vi, lịch sử giữ nguyên (2.5793ms)
✔ Đợt 3.2 / UI-24 – phân công theo phòng và loại trách nhiệm; phạm vi dữ liệu theo phòng; bỏ phân công (1018.3124ms)
▶ Đợt 4.1 / UI-38 – tài khoản, khu vực, TK nhận tiền, danh mục mở rộng
  ✔ tài khoản: tạo, sửa vai trò, khóa → không đăng nhập; không tự khóa mình; không khóa admin cuối (2.1147ms)
  ✔ khu vực và TK nhận: thêm/sửa; trùng tên, số TK sai bị chặn (4.9646ms)
  ✔ danh mục: loại chi phí mới có dòng báo cáo → dùng được ở chi phí; mục đã dùng không xóa, chỉ ngừng dùng có lý do; chức danh, lý do phá HĐ (471.6404ms)
✔ Đợt 4.1 / UI-38 – tài khoản, khu vực, TK nhận tiền, danh mục mở rộng (980.3475ms)
▶ Đợt 4.2 / UI-37 – import tòa và nhân viên: đủ cột, kiểm tra tham chiếu, giữ mã nguồn
  ✔ tòa: trùng mã (khác hoa/thường) → trùng; sai nhóm, quản lý lạ, khu vực lạ → lỗi; hợp lệ → tạo đủ khu vực / tầng / ngày nhận (5.3217ms)
  ✔ nhân viên: giữ mã nguồn, SĐT, khu vực; trùng mã → trùng; chức danh lạ → lỗi (1.5513ms)
✔ Đợt 4.2 / UI-37 – import tòa và nhân viên: đủ cột, kiểm tra tham chiếu, giữ mã nguồn (596.35ms)
✔ Đợt 4.3 – mã tòa duy nhất (không phân biệt hoa/thường), nhóm theo tiền tố; số nghiệm thu không đổi (614.746ms)
✔ P2-AUD-01: real review applies zero/remove/keep fees, terms and one rate version; preserves issued invoices and deposit ledger (2506.979ms)
✔ P2-AUD-01: field edits, missing values, wrong room, stale file and locked period block apply (3296.3223ms)
✔ P2-AUD-01: failure after rate creation rolls back the complete apply transaction (1530.206ms)
✔ P2-AUD-03: OPS/leader/department review in scope; cannot apply or review out of scope (3646.0187ms)
✔ P2-AUD-02: signed selector deduplicates canonical/intake sources, excludes spreadsheets and unsigned photos (1192.8077ms)
✔ P2-AUD-04: document write failure preserves previous version and all metadata (1490.3703ms)
✔ P2-AUD-05: invalid, inactive or out-of-scope sale IDs cause no partial writes (2084.1314ms)
✔ P2-AUD-06: inactive or newly reserved destination blocks transfer and preserves stay/rates/deposit/commission/history (1181.2084ms)
✔ P2-AUD-02: intake contract commit enables commission eligibility without creating cash flows; signature date does not backdate eligibility (854.5192ms)
✔ F30.1 – Dashboard: HS thực tế / tạm tính theo phạm vi; lọc leader không đếm trùng tòa (1800.1256ms)
▶ F30.3 / F30.4 / F30.5 – mở lại kỳ đã khóa cần duyệt admin + kế toán; lịch sử; so sánh 2 phiên bản chốt
  ✔ ⛔ mở khóa trực tiếp ở Phase 2; yêu cầu phải có lý do (19.247ms)
  ✔ kế toán yêu cầu + duyệt; ⛔ kế toán tự duyệt lần 2; admin duyệt → mở (22.4439ms)
  ✔ sửa dữ liệu, khóa lại → phiên 2; so sánh chỉ ra chênh tòa × dòng (57.1355ms)
✔ F30.3 / F30.4 / F30.5 – mở lại kỳ đã khóa cần duyệt admin + kế toán; lịch sử; so sánh 2 phiên bản chốt (958.6025ms)
✔ F30.6 / F30.8 – hộp thư phản hồi: gán trưởng phòng theo cơ cấu; trạng thái + ghi chú; không thay phiếu thu (550.5527ms)
✔ F30.7 – sự kiện Zalo mới: sắp hết HĐ (35 ngày), đã chi hoàn cọc; gắn lượt thuê, không gửi lặp (522.7819ms)
✔ NT-0 – Phase 1 không đổi sau Đợt 5 (bộ nghiệm thu trong app) (1334.6532ms)
✔ A1 – bảng lương UI-25: lương thợ = lương cứng + thâm niên + tiền công + ăn trưa, khớp UI-47; T8 song song không đổi (1957.8986ms)
✔ A2 – tiền công việc chủ nhà chịu không thành chi phí công ty; thợ vẫn nhận đủ tiền công (937.0866ms)
✔ A3 – ⛔ nhập / xác nhận tiền công sau khi bảng lương kỳ đã chốt (không để tiền công mất) (2156.8005ms)
▶ A4 – deal và lượt thuê không lệch khi thao tác ở UI-07
  ✔ nhận phòng ở UI-07 → deal "đã nhận" + sự kiện (26.3626ms)
  ✔ bỏ cọc ở UI-07 → deal "bỏ cọc", hoa hồng tính lại trên cọc − tiền ngày đã ở, phòng mở bán lại (6.842ms)
  ✔ bỏ cọc từ UI-21 vẫn đúng một sự kiện, không tính hai lần (6.5341ms)
  ✔ ⛔ hủy deal khi lượt thuê không còn chờ nhận (dữ liệu cũ lệch trạng thái) (0.9324ms)
✔ A4 – deal và lượt thuê không lệch khi thao tác ở UI-07 (608.9064ms)
✔ A5 / D18 – mở lại kỳ: dòng điều chỉnh sau khóa tạm gỡ, sửa số gốc chỉ cộng một lần; khóa lại không cộng hai lần (1171.6379ms)
✔ A6 – Zalo: 2 đợt tạo liên tiếp trước khi gửi không trùng người nhận (sắp hết HĐ, quá hạn) (883.4375ms)
✔ A7 – OCR: số viết kiểu Việt Nam ("3.800", "4.200.000") được đọc đúng; giá thuê không hợp lệ bị chặn (729.7073ms)
✔ A8 – chi hoa hồng khi kỳ đủ điều kiện đã khóa → ghi kỳ của ngày chi; ⛔ chi trước ngày đủ điều kiện (2208.8233ms)
✔ A9 – chia trùng: 2 người 25%, 3 người 16,67%, ≥ 4 người chia đều; co giãn theo mức cơ bản; chốt deal nhiều sale (583.4793ms)
✔ NT-0 – Phase 1 không đổi sau Đợt A (bộ nghiệm thu trong app) (1514.0873ms)
✔ B1 – đổi phòng trước khi nhận: giá mới + biểu dịch vụ tòa mới vào phiên biểu phí (hóa đơn tính đúng) (826.1898ms)
✔ B2 – hủy chứng từ chi hoa hồng ở UI-15 → gỡ đợt chi, dòng hoa hồng chi lại được (542.3207ms)
✔ B3 – import hoa hồng ở mốc 2: chỉ lịch sử ≤ 08/2026 (không cộng hai lần với hoa hồng tính trên web) (518.986ms)
✔ B4 – ⛔ sale gắn liên hệ trùng vào khách của sale khác (672.4285ms)
✔ B5 – bỏ cọc làm số hoa hồng nhỏ hơn số đã chi → "đã chi đủ" + khoản cần thu hồi (không kẹt chờ duyệt) (905.6484ms)
✔ B7 – đối chiếu NT-1 báo cả tổng theo tỷ lệ gợi ý (không chỉ tự khớp F × H của Excel) (797.9207ms)
✔ B8 – xác nhận nhiều dòng: một dòng lỗi → không dòng nào bị áp (hai pha) (510.2895ms)
✔ B9 – điều chỉnh dòng sổ đã xác nhận: lương thợ, bù trừ chủ nhà đi theo số mới; có lịch sử (1357.3381ms)
✔ B10 – dòng ghi vào kỳ khác ngày (có lý do) được tính giống nhau ở UI-47, UI-44 và bảng lương (1689.5279ms)
✔ B11 – âm dương web: máy giặt/sấy 100% điện (OQ-21); điện trừ cọc chỉ lấy phiếu hoàn đã chi (1265.9717ms)
✔ B12 – UI-44 theo phạm vi tòa của người xem (674.9278ms)
✔ B13 – bảng kê cổ đông: ⛔ khóa nguồn "như Excel"; kỳ mở lại → khóa phiên 2 (741.8617ms)
✔ B14 – ⛔ tỷ lệ góp có ngày hiệu lực trước bộ tỷ lệ đang dùng (829.303ms)
✔ B15 / B16 – OCR: chạy lại thì phiên cũ không áp dụng được; ⛔ áp biểu phí vào kỳ đã khóa (1529.8437ms)
✔ B17 – tài liệu gắn phòng lưu đúng phòng; ⛔ phòng khác tòa (993.2651ms)
▶ B18 / B19 / B21 – hộp thư trưởng phòng; gating theo mốc; trưởng nhóm KD là vai trò riêng
  ✔ trưởng phòng mở được /zalo/inbox; tin chỉ gán cho TPVH hoặc để trống (1.4669ms)
  ✔ mốc 1A/1B: ⛔ đăng nhập tài khoản Phase 2, quy tắc Zalo Phase 2, yêu cầu mở lại kỳ (0.7002ms)
  ✔ truongkd: vai trò riêng có quyền kinh doanh; leader vận hành không có (0.199ms)
✔ B18 / B19 / B21 – hộp thư trưởng phòng; gating theo mốc; trưởng nhóm KD là vai trò riêng (507.7617ms)
✔ NT-0 – Phase 1 không đổi sau Đợt B (bộ nghiệm thu trong app) (1168.1946ms)
✔ C-UI21 – sửa ngày nhận dự kiến là sự kiện riêng; thu đủ/thiếu gồm cọc + tháng đầu (955.2416ms)
✔ C-UI22 – chỉ tiêu doanh số theo từng sale có ngày hiệu lực; UI-46 lọc theo sale / team / tòa (905.7595ms)
✔ C-UI08 – OCR: đủ trường bắt buộc theo đặc tả, vòng đời trạng thái, vận hành rà soát nhưng không áp dụng (929.9071ms)
✔ C-UI26 – HĐ khách nhiều phiên: bản cũ "đã thay"; tải xuống ghi nhật ký, chặn ngoài phạm vi (898.4664ms)
✔ C-UI47 – khách chịu, khách còn ở → "Thu khác" trên hóa đơn nháp (chỉ khi kế toán áp) (698.1053ms)
✔ C-UI45 – HS tổng = Σ T / Σ K; HS tạm tính theo tiền nhà đã thu; 3 nhóm phòng trống; nhãn tạm tính theo mốc (1706.3297ms)
✔ C-UI27 / UI-44 – trung tâm báo cáo 4 nhóm theo đặc tả, kỳ và trạng thái theo dữ liệu; UI-44 nhóm theo phòng (1149.7163ms)
✔ C-UI38 – hủy / từ chối yêu cầu mở lại phải có lý do; lịch sử ghi lại (934.8466ms)
✔ NT-0 – Phase 1 không đổi sau Đợt C (bộ nghiệm thu trong app) (1530.099ms)
✔ D1 / D6 – khóa lại bảng kê lỗi E24 không làm mất phiên đã khóa; có nút khóa phiên mới sau mở lại kỳ (1644.3669ms)
✔ D7 – chỉ khóa bảng kê khi kỳ báo cáo đã khóa (hoặc kỳ song song Excel) (1523.06ms)
✔ D2 – điều chỉnh dòng chủ nhà chịu: hết chỗ bù trừ thì không ghi gì; người chịu phải hợp lệ; ⛔ đổi người chịu sau chốt lương (700.5805ms)
✔ D13 – đổi người chịu sau khi "Tính" lương làm đổi chữ ký → phải tính lại (542.0484ms)
✔ D14 – kỳ sổ theo ngày; ⛔ ghi vào kỳ song song Excel; ⛔ thợ không phải kỹ thuật (614.6033ms)
✔ D15 – dòng nháp không vào lương thợ / UI-44; hiện riêng "chưa tính" (2135.319ms)
✔ D3 – hủy deal: lead về trạng thái trước khi chốt, lượt xem không còn "chốt"; chốt lại được (568.1436ms)
✔ D4 – trưởng phòng vận hành: xem kinh doanh toàn bộ, không tạo lead / chốt / hủy (693.8854ms)
✔ D5 – UI-46: số tổng theo phạm vi như các dòng; lọc sale chỉ hiện người được lọc (594.4677ms)
✔ D3+ – kiểm tra ngày: ⛔ chốt ngày tương lai, ⛔ nhận / bỏ cọc trước ngày chốt (cả từ UI-07); saleIds không trùng (719.8275ms)
✔ D11 – trường OCR: số tiền kiểu Việt Nam, ngày, số nguyên; chữ / số vô lý → lỗi trường (744.3192ms)
✔ D8 – áp dụng OCR ghi cả điều khoản HĐ vào lượt thuê; ngày đã có hóa đơn phát hành không đổi (738.6779ms)
✔ D9 / D10 – file HĐ mới thay phiên OCR của file cũ; vận hành không sửa phiên ngoài phạm vi (1295.4683ms)
✔ D12 – kho tài liệu: gắn khách / lượt thuê và phiếu thu; ⛔ thay bản không hiện hành; ⛔ tải tài liệu đã xóa; ⛔ file lạ (2364.7838ms)
✔ D16 – ứng viên Zalo sự kiện lượt thuê có phòng để xem trước (không có hóa đơn) (661.8353ms)
✔ D17 – vai trò Phase 2 bị chặn ở mốc 1A/1B kể cả tài khoản tạo mới (638.7808ms)
✔ NT-0 – Phase 1 không đổi sau Đợt D (bộ nghiệm thu trong app) (1440.553ms)
✔ E0.1 – seed: khách cũ của phòng có lượt chờ nhận đã báo trả, bàn giao trước ngày khách mới tính tiền (950.742ms)
✔ E0.1 – nhận phòng deal seed: kết thúc lượt cũ ngày 30/09 rồi nhận 01/10; ⛔ nhận khi còn khách cũ (639.8004ms)
✔ E0.1 – số liệu không đổi: phòng có lượt chờ nhận vẫn ở nhóm "đang chờ", không vào "trống cuối tháng" (642.2661ms)
✔ E1.1 – mốc 1A: action Phase 2 bị chặn ở mức action (không chỉ route); ⛔ gọi trực tiếp từ console (822.0529ms)
✔ E1.1 – mốc 1A: bỏ cọc lượt thuê chờ nhận ở UI-07 vẫn chạy (deal đồng bộ, không tính hoa hồng) (582.9674ms)
✔ E1.2 – Zalo sắp hết HĐ: gia hạn trước khi gửi → bỏ qua "sự kiện không còn đúng"; còn đúng → gửi (535.3968ms)
✔ E1.2 – Zalo đã chi hoàn cọc: phiếu hoàn không còn "đã chi" → bỏ qua (kiểm tra lại thuần) (520.0338ms)
✔ E1.2 – hộp thư: quản lý tòa là trưởng phòng (TPVH) → gán chính người đó (586.1665ms)
✔ E1.3 – tài liệu: loại PCCC; sale chỉ tải HĐ khách của deal mình; kỹ thuật chỉ tải biên bản / ảnh chỉ số tòa có việc; ⛔ ngoài phạm vi (1193.5804ms)
✔ E2.1 – sổ sửa chữa: ảnh việc sửa, gắn lượt thuê đúng phòng, trạng thái thu chỉ cho khách chịu; ⛔ sai phòng / sai loại file (535.7813ms)
✔ E2.1 – tồn sơn theo điểm: nhập / xuất; ⛔ xuất vượt tồn (689.5198ms)
✔ E2.1 – quyết toán ứng chi [GĐ-E2]: chứng từ quỹ, không thêm chi phí; ⛔ quyết toán 2 lần, đổi vật tư / ứng sau quyết toán, kỳ song song Excel (531.5965ms)
✔ E2.2 – import hoa hồng lịch sử: F/G/H/loại ca/I; I ≠ F × H chỉ cảnh báo [GĐ-E4]; ⛔ loại ca lạ, tỷ lệ sai (572.3287ms)
✔ E2.3 – UI-22: tỷ lệ riêng theo đối tác trong chính sách; tài khoản đối tác; ⛔ tỷ lệ > 100%, STK sai (567.0984ms)
✔ E2.4 – cổ đông: sửa thông tin có lịch sử; chứng từ góp vốn chỉ admin / kế toán thấy; K/L dòng tổng G1 T8 (1018.5503ms)
✔ E3.1 – UI-46: lọc loại T/S/G, NV vận hành, cổ đông chỉ giới hạn tòa (không đổi định nghĩa doanh số) (496.1559ms)
✔ E3.2 – UI-43 web: tòa trả điện qua chủ nhà – chi = đơn giá × kWh; chưa có đơn giá → cờ [GĐ-E5]; "như Excel" không đổi (NT-3) (1362.5807ms)
✔ E3.4 – UI-44: mọi cách gộp giữ khóa gốc để mở đúng phần sổ UI-47; khách chịu có link phiếu hoàn / hóa đơn (582.432ms)
✔ E3.5 / E3.6 – leader theo ngày, chỉ team trực tiếp, vai trò phụ trách [GĐ-E6] (720.0166ms)
✔ NT-0 – Phase 1 không đổi sau Đợt E (bộ nghiệm thu trong app) (1491.4096ms)
✔ F25 – domain: kỳ sổ 26 → 25, lương thợ, quyết toán ứng chi (23.5718ms)
✔ F25.1 / F25.2 – NT-5, NT-6: sổ T8 như Excel khớp SRC-16; chế độ web cảnh báo dòng ngoài kỳ (K-6) (1060.7817ms)
▶ F25.3 / F25.4 – kỹ thuật nhập việc của mình; ⛔ ngày ngoài kỳ phải ghi lý do; ⛔ không xác nhận
  ✔ thêm việc: thợ = chính mình, nháp, kỳ theo ngày (2.4768ms)
  ✔ ⛔ ngày 27/09 ghi vào kỳ 09 (thuộc kỳ 10) không có lý do (1.179ms)
  ✔ ⛔ thiếu tiền / nội dung; ⛔ kỹ thuật không xác nhận; chỉ thấy việc của mình (11.3716ms)
✔ F25.3 / F25.4 – kỹ thuật nhập việc của mình; ⛔ ngày ngoài kỳ phải ghi lý do; ⛔ không xác nhận (624.5128ms)
▶ F25.5 / F25.6 / F25.7 – xác nhận: chủ nhà chịu → bù trừ trả chủ nhà; khách chi → đề xuất trừ cọc (áp khi xác nhận); tiền công → lương + dòng 41; chốt kỳ sổ → vật tư dòng 41
  ✔ xác nhận 3 dòng (1.7591ms)
  ✔ chủ nhà chịu → kỳ trả chủ nhà được bù trừ 1.000.000 (0.6309ms)
  ✔ khách chi → chỉ là đề xuất; áp → phiếu hoàn thêm dòng sửa chữa 300.000 (2.1715ms)
  ✔ tiền công theo sổ → lương thợ kỳ 09 đủ mọi việc; chi phí dòng 41 chỉ việc công ty + khách chịu (chủ nhà đã bù trừ – A2); kỳ song song 08 không lấy (541.2264ms)
  ✔ chốt kỳ sổ 09: vật tư công ty + khách chịu → chi phí "Sửa chữa" dòng 41 (khách chịu thu hồi qua cọc); ⛔ kỳ 08 song song (2.863ms)
✔ F25.5 / F25.6 / F25.7 – xác nhận: chủ nhà chịu → bù trừ trả chủ nhà; khách chi → đề xuất trừ cọc (áp khi xác nhận); tiền công → lương + dòng 41; chốt kỳ sổ → vật tư dòng 41 (1266.4612ms)
✔ NT-0 – Phase 1 không đổi sau Đợt 2: bộ nghiệm thu trong app (T8 lương 98/101, báo cáo tổng, LNR kinh doanh, T9 1.471 hóa đơn) (1264.0051ms)
✔ F26.1 / NT-3 – âm dương điện T7 "như Excel": K 1.234.987.000, L 913.178.913, M +321.808.087; T2 chi 8.135.381; cờ tòa thiếu (935.5597ms)
✔ F26.2 / NT-4 – âm dương nước T6 "như Excel": 292.728.500 − 207.782.352 = +84.946.148; T2 chi 977.500 (577.1789ms)
✔ F26.3 – âm dương web kỳ 09: thực thu không gồm sản lượng phòng trống; phòng trống là dòng riêng (2266.8335ms)
✔ F27.2 – UI-42 chi phí T8: giá vốn + cố định + phát sinh = TCP Báo cáo tổng (6.024.500.037); giá vốn 5.316.928.772 (608.4317ms)
✔ F27.3 – UI-44 sửa chữa T8 (như Excel): 233 việc, công 23.350.000 + vật tư 21.981.000; lương vệ sinh 43.200.000 (616.359ms)
✔ F27.4 – UI-45 phòng vận hành kỳ 09: HS thực tế (công thức lương), lấp đầy, thời gian trống, đúng hạn, phân khúc (2777.1729ms)
✔ F27.5 – UI-46 khách & doanh số kỳ 09: % chốt / xem, doanh số theo ngày chốt, hủy tách riêng (555.3763ms)
✔ F27.1 – UI-27 trung tâm 4 nhóm: có trạng thái; UI-40/41 là Phase 3 (1336.1679ms)
✔ NT-0 – Phase 1 không đổi sau Đợt 3 (bộ nghiệm thu trong app) (1346.1542ms)
✔ F24 / NT-1 – đối chiếu file hoa hồng T8 (SRC-09): Σ I = F × H = 227.476.935,5; không dòng nào lệch công thức (1029.7359ms)
✔ F24 – domain hoa hồng: gợi ý tỷ lệ theo chính sách SRC-09, cơ sở bỏ cọc, điều kiện chi (617.0044ms)
▶ F21 – khách xem: sale thêm khách, trùng SĐT (E08), phạm vi sale / trưởng nhóm, lượt xem
  ✔ sale chỉ thấy khách của mình; trưởng nhóm KD thấy cả team (3.4656ms)
  ✔ thêm khách: SĐT sai bị chặn; mặc định sale là chính mình (3.9653ms)
  ✔ ⛔ E08: trùng SĐT khách xem / khách thuê → báo trùng; gắn vào khách cũ hoặc ghi lý do thì lưu được (4.9749ms)
  ✔ lượt xem + trạng thái; ⛔ sale không tự chuyển khách, không giao cho sale khác (13.0095ms)
  ✔ ⛔ khách của sale khác: không thêm lượt xem (4.4671ms)
✔ F21 – khách xem: sale thêm khách, trùng SĐT (E08), phạm vi sale / trưởng nhóm, lượt xem (641.8191ms)
▶ F22 – chốt deal → lượt thuê chờ nhận → thu cọc → nhận phòng; UI-19 đếm đúng
  ✔ chốt: tạo khách + lượt thuê chờ nhận (không cần phiếu cọc), phòng rời "trống ở luôn", hoa hồng chờ duyệt (13.7173ms)
  ✔ ⛔ chốt trùng phòng đã có giao dịch chờ (3.8603ms)
  ✔ ⛔ sale không nhận phòng (không có quyền lượt thuê); kế toán ghi cọc → cọc đủ; admin nhận phòng → đã nhận (10.8832ms)
  ✔ UI-19: đã chốt ≠ đã nhận; deal nhiều sale chia đều doanh số (0.7907ms)
✔ F22 – chốt deal → lượt thuê chờ nhận → thu cọc → nhận phòng; UI-19 đếm đúng (601.8979ms)
▶ F23 – đổi phòng, hủy, bỏ cọc: sự kiện riêng, hoa hồng tính lại, cọc thành doanh thu dòng 5
  ✔ ⛔ sale không hủy / bỏ cọc / đổi phòng (0.8031ms)
  ✔ đổi phòng: lượt thuê chờ chuyển phòng, phòng cũ mở bán, hoa hồng giữ theo deal (13.2992ms)
  ✔ hủy (chưa cọc): không doanh số, hoa hồng hủy; ⛔ đã cọc thì phải dùng bỏ cọc (9.2139ms)
  ✔ bỏ cọc: cọc → doanh thu (forfeit_revenue), không phiếu hoàn; cơ sở hoa hồng = cọc − tiền ngày đã tính (4.4849ms)
✔ F23 – đổi phòng, hủy, bỏ cọc: sự kiện riêng, hoa hồng tính lại, cọc thành doanh thu dòng 5 (657.907ms)
▶ F24 – duyệt và chi hoa hồng: điều kiện chi, nhiều đợt ghi đúng từng kỳ thực chi
  ✔ ⛔ sale không có quyền hoa hồng (CH-01) (0.7478ms)
  ✔ ⛔ duyệt tỷ lệ khác gợi ý / có khoản trừ mà không lý do (0.7462ms)
  ✔ ⛔ chi khi chưa đủ điều kiện (thiếu cọc / tháng đầu / HĐ) (4.532ms)
  ✔ chi 2 đợt: chứng từ "Hoa hồng" dòng 40 theo tháng của từng ngày chi; ⛔ vượt số duyệt (7.5614ms)
✔ F24 – duyệt và chi hoa hồng: điều kiện chi, nhiều đợt ghi đúng từng kỳ thực chi (579.5768ms)
✔ NT-0 – Phase 1 không đổi sau Đợt 1: báo cáo tổng T8, 1.471 hóa đơn T9 (541.4538ms)
✔ F28 – domain chia: mặc định hiển thị chênh riêng; chỉ dồn CHUNG khi chính sách được chọn (27.3136ms)
✔ F28.3 / NT-2 – bảng kê G1 T8 như Excel: Σ Vốn 48.000.000 · LNG 22.990.932 · LNR 14.664.969 · Tổng nhận 62.664.969; từng dòng lệch ≤ 1đ (947.3689ms)
✔ F28.3 – bảng kê lịch sử G1 T8 luôn dùng đúng giá trị Excel (677.7354ms)
▶ F28.2 / F28.4 – khóa bảng kê: ảnh chụp số; ⛔ tỷ lệ 99% (E24); ⛔ khóa hai lần; ⛔ vận hành không xem
  ✔ khóa kỳ 08 (đủ 100%) (2.4432ms)
  ✔ sửa tỷ lệ còn 99% từ 01/09: lưu được (cảnh báo), bảng kê 08 đã khóa không đổi; ⛔ khóa kỳ 09 (1095.2926ms)
  ✔ ⛔ vận hành / sale không có quyền cổ đông (0.5289ms)
✔ F28.2 / F28.4 – khóa bảng kê: ảnh chụp số; ⛔ tỷ lệ 99% (E24); ⛔ khóa hai lần; ⛔ vận hành không xem (1748.7034ms)
▶ F29.1–F29.3 – kho tài liệu: HĐ khách từ lượt thuê, phạm vi tòa, phiên bản mới, ⛔ xóa tài liệu gắn giao dịch
  ✔ vận hành chỉ thấy tài liệu của tòa được giao; gồm HĐ khách (2.3074ms)
  ✔ tải lên + phiên bản 2; bản cũ thành "bản cũ" (479.0074ms)
  ✔ ⛔ xóa HĐ chủ nhà / HĐ khách (gắn giao dịch) (5.5381ms)
✔ F29.1–F29.3 – kho tài liệu: HĐ khách từ lượt thuê, phạm vi tòa, phiên bản mới, ⛔ xóa tài liệu gắn giao dịch (984.0161ms)
▶ F29.4–F29.7 – OCR: rà soát, ⛔ E05 thiếu / độ tin cậy thấp, E06 áp dụng biểu phí mới, hóa đơn không đổi, chạy lại = phiên mới
  ✔ trạng thái chờ rà soát; trường có trang/vùng, độ tin cậy (0.5105ms)
  ✔ ⛔ E05: áp dụng khi thiếu cọc / chưa rà nhóm; ⛔ xác nhận nhóm còn thiếu hoặc độ tin cậy thấp chưa kiểm (234.9339ms)
  ✔ E06: sửa cọc + đơn giá điện, rà đủ 6 nhóm → áp dụng: phiên biểu phí mới, hóa đơn đã phát hành không đổi (214.0467ms)
  ✔ chạy lại OCR → phiên 2, không ghi đè phiên 1; file mờ → lỗi / thiếu trang; ⛔ vận hành không chạy OCR (190.3148ms)
✔ F29.4–F29.7 – OCR: rà soát, ⛔ E05 thiếu / độ tin cậy thấp, E06 áp dụng biểu phí mới, hóa đơn không đổi, chạy lại = phiên mới (1174.4052ms)
✔ NT-0 – Phase 1 không đổi sau Đợt 4 (bộ nghiệm thu trong app) (1303.0616ms)
✔ NT-11 – tài sản lịch sử 63 tháng có lịch thử nhưng không vào báo cáo chính thức (1046.005ms)
✔ NT-11 – thanh lý tài sản legacy lưu giá trị còn lại nhưng chờ chính sách, không vào báo cáo chính thức; ⛔ kỳ đã khóa (727.1685ms)
✔ P3-1 – sửa lỗi hủy chứng từ mua: tài sản bị gỡ khỏi khấu hao; ⛔ hủy khi đã khấu hao trong kỳ khóa (543.3915ms)
✔ P3-1 – import số dư thiết bị (UI-37): tài sản công ty, chỉ ghi khấu hao từ kỳ bắt đầu ghi sổ; giá trị còn lại tính từ ngày mua (503.6566ms)
✔ P3-1 – thêm / chuyển vị trí: giá trị chỉ khi có chứng từ, tài sản chủ nhà không giá trị, chuyển ghi lịch sử; ⛔ kỹ thuật, mốc 2 (511.641ms)
✔ P3-1 – seed: 13 hạng mục bàn giao SRC-10 (chủ nhà, không giá trị) ở tòa demo; phạm vi vận hành chỉ thấy tòa được giao (488.8165ms)
✔ NT-0 – Phase 1 không đổi sau P3-1 (bộ nghiệm thu trong app) (1174.4284ms)
✔ OQ-11 trả nhà trước hạn: thanh lý một lần mọi tài sản công ty còn dùng của tòa; tài sản chủ nhà giữ nguyên; ⛔ thiếu lý do, kỳ khóa, vai trò không có quyền (700.854ms)
✔ NT-9 initial capital source ledger is deduplicated and opening assets do not depreciate retroactively (757.9959ms)
✔ P3-4 schedule follows UI-05 due date and effective ratios; CHUNG 4.8m; partial and soon flags (479.4282ms)
✔ P3-4 payout requires locked M, rejects excess, records and voids independent cash transactions; NT-2 unchanged (596.6033ms)
✔ P3-4 withdrawal limited to net contributions; cannot void contribution already withdrawn (530.4646ms)
✔ NT-0 after P3-4 (1313.9447ms)
✔ P3-4 relocking a share run retains cash paid against its old version and never allows a second full payout (626.4232ms)
✔ P3-4 lịch góp: kỳ đã do vốn ban đầu chi trả (coveredTo) không sinh dòng phải góp; không có vốn ban đầu thì lấy đủ kỳ (không mốc ngày cứng) (602.3986ms)
✔ NT-10 efficiency ratios; LN/tài sản chờ khi chính sách khấu hao chưa xác nhận (1079.8135ms)
✔ P3-6 efficiency filters and shareholder scope preserve ratio denominators; group totals reconcile (693.0698ms)
✔ NT-0 after P3-6 and NT-7…NT-11 acceptance (1474.4046ms)
✔ NT-7 / NT-8 source forecast values reproduce Excel and preserve each formula adjustment (885.505ms)
✔ P3-5 forecasts are immutable versions; reasons, valid cost keys, adjustments and E4 parts required (1412.6002ms)
✔ P3-5 as-of auto values exclude payments after draft date; phase and shareholder blocked (979.4076ms)
✔ NT-0 after P3-5 (1352.0019ms)
✔ P3-5 saved web and source forecast results freeze depreciation; literal J4 components are counted once (687.477ms)
✔ F14 phạm vi tòa: loại trừ G16–G18 ("Tính đến G15") giảm số gợi ý, lưu excludedBuildings và scopeNote; ⛔ tòa không tồn tại (761.4663ms)
✔ UI-40 chỉ số phụ theo SRC-14 sheet 8/2025: TCP/DT = tiền nhà + DV + lương + CPPS + HC = tcp/DT; LN/DT = 1 − TCP/DT; HC chỉ ở dòng tiền (366.0796ms)
✔ P3-3 virtual sessions do not write; future period rejected; quantity and condition independent (888.4603ms)
✔ P3-3 dual approval applies proposals only after both roles; no expense; same person cannot approve twice (876.3128ms)
✔ P3-3 stale proposals block approvals and financial assets cannot be removed through inventory (528.3785ms)
✔ NT-0 after P3-3 (1380.3112ms)
✔ P3-3 đề xuất loại bỏ (tài sản không giá trị) sau đủ hai duyệt → trạng thái "Đã loại khỏi danh mục", không phải "hủy chứng từ" (795.4345ms)
✔ P3-2 – seed 4 loại SRC-02; trạng thái chỉ dự kiến / đã thực hiện / quá hạn; "sắp đến hạn" là cờ 7 ngày (824.9981ms)
✔ P3-2 – hoàn thành có chu kỳ tự tạo lần kế tiếp; chi phí ghi UI-15 dòng 41; ⛔ thiếu kết quả, ⛔ hoàn thành lại (609.2975ms)
✔ P3-2 – quyền: kỹ thuật đánh dấu xong, không lập lịch, không ghi chi phí; leader chỉ thấy lịch tòa trong nhánh; ⛔ mốc 2 (565.6014ms)
✔ P3-2 – Zalo nhắc bảo dưỡng nội bộ: đợt gồm việc trong 7 ngày; kiểm tra lại trước khi gửi – đã làm / đổi hạn → bỏ qua (569.7431ms)
✔ P3-2 – UI-47 gắn lịch bảo dưỡng cùng tòa; ⛔ khác tòa (566.1335ms)
✔ NT-0 – Phase 1 không đổi sau P3-2 (bộ nghiệm thu trong app) (1265.2004ms)
✔ P3-2 – chi phí bảo dưỡng thang máy ghi giá vốn dòng 27 (bảo trì thang máy), không vào sửa chữa dòng 41; chọn loại khác được; ⛔ loại lạ (456.4379ms)
✔ P3-0 – mốc 3 là mốc mặc định; 6 màn Phase 3 có route mốc 3 (865.4971ms)
✔ P3-0 – cổ đông: đăng nhập ở mốc 3, phạm vi = tòa có tỷ lệ góp (G1); ⛔ đăng nhập ở mốc 2 (570.6826ms)
✔ P3-0 – cổ đông chỉ xem (gồm dự kiến LN UI-40, GĐ-P3-01): ⛔ khách thuê, tòa nhà, drill chứng từ, báo cáo vận hành, tạo dự kiến; ⛔ thao tác ghi (849.1924ms)
✔ P3-0 – tài khoản cổ đông mới phải gắn hồ sơ cổ đông (552.863ms)
✔ NT-0 – Phase 1 không đổi sau P3-0 (bộ nghiệm thu trong app) (1124.0074ms)
✔ P3-7 shareholder queries enforce own buildings and hide contact/bank data, source comparison and other cash transactions (805.559ms)
✔ P3-7 shareholder can download only own capital evidence; linked cash or inventory evidence cannot be deleted (961.2735ms)
✔ NT-0 after P3-7 (1307.4328ms)
✔ hoàn cọc 301T41: BC 1.270.000, BD 2.530.000; tiền 9 ngày ở thêm hiện riêng, không trừ (5.7365ms)
✔ hoàn cọc: BD = I − BC khớp 154 dòng sheet HOÀN CỌC; khấu hao đơn giá 200.000đ/phòng (7.1089ms)
✔ lương T8: T, HS khớp 100%; V/W khớp trừ 3 ngoại lệ nguồn (S39 V51, S28, S36) (4.4213ms)
✔ quy tắc cận gần nhất + ca đặc biệt (0.5163ms)
✔ phân bổ G1 khớp SRC-07 C36–C46 (15 phòng, mẫu số 1.382) (0.9092ms)
✔ khấu hao 1,6%/tháng cộng dồn đến đủ nguyên giá (0.6344ms)
✔ báo cáo tổng T8: công thức dòng 18–61 tái hiện sheet; cột T+S+G = TỔNG (8.3802ms)
✔ báo cáo kinh doanh T8: GĐ OQ-10 = 790.331.663; như sheet Excel = 685.928.969 (4.4535ms)
✔ source workbook – hồ sơ pháp lý và hợp đồng chủ nhà tạo phiên bất biến (817.5182ms)
✔ source workbook – năm phòng ban có policy và payrollRun đóng băng policy snapshot (2193.6394ms)
✔ source workbook – dealRows trả đủ field-level và bộ lọc dùng cùng model export (518.1886ms)
✔ source workbook – ngày đầu thành nợ thuộc bucket 1–30, trước đó là chưa đến hạn (548.9985ms)
✔ UI-48 contract registry exposes seven views and immutable v1 snapshots (811.9309ms)
✔ debt aging uses debtBasis result and exact 30/31, 60/61, 90/91, 180/181 boundaries (660.1919ms)
✔ report export model is the official row 3–61 contract with policy metadata (601.7139ms)
✔ v5 report SpreadsheetML uses the shared pure export builder (756.0478ms)
✔ v5 issued invoice freezes template and account print snapshot (465.0799ms)
✔ v5 payroll obligations, installments and reversal do not duplicate expenses (1086.9287ms)
✔ v5 payroll disbursement evidence uses the existing document store (777.4663ms)
✔ workbook fields persist for building and owner contract with field-level audit (639.2693ms)
✔ shared scope, invoice/refund filters and department use effective-date data (445.0217ms)
✔ service margin stays proposed and traces invoice/expense sources (349.995ms)
ℹ tests 350
ℹ suites 0
ℹ pass 350
ℹ fail 0
ℹ cancelled 0
ℹ skipped 0
ℹ todo 0
ℹ duration_ms 40938.2864
